Traceback (most recent call last):
  File "<frozen runpy>", line 198, in _run_module_as_main
  File "<frozen runpy>", line 88, in _run_code
  File "/home/runner/work/open-vendor-assurance/open-vendor-assurance/tools/openva/release_gates.py", line 925, in <module>
    raise SystemExit(main())
                     ^^^^^^
  File "/home/runner/work/open-vendor-assurance/open-vendor-assurance/tools/openva/release_gates.py", line 911, in main
    results = run_gates(ctx)
              ^^^^^^^^^^^^^^
  File "/home/runner/work/open-vendor-assurance/open-vendor-assurance/tools/openva/release_gates.py", line 775, in run_gates
    freshness = compute_freshness(ctx)
                ^^^^^^^^^^^^^^^^^^^^^^
  File "/home/runner/work/open-vendor-assurance/open-vendor-assurance/tools/openva/release_gates.py", line 336, in compute_freshness
    committed_latest = load_latest_index(latest_index_path)
                       ^^^^^^^^^^^^^^^^^^^^^^^^^^^^^^^^^^^^
  File "/home/runner/work/open-vendor-assurance/open-vendor-assurance/tools/openva/observation_ledger.py", line 344, in load_latest_index
    validate_latest_index(latest_index)
  File "/home/runner/work/open-vendor-assurance/open-vendor-assurance/tools/openva/observation_ledger.py", line 336, in validate_latest_index
    raise ValueError("latest observations index sources must be sorted by vendor_id, source_id")
ValueError: latest observations index sources must be sorted by vendor_id, source_id

exit_status=1
